
> smart-library-backend@1.0.0 test
> cross-env NODE_ENV=test jest --runInBand

node.exe : FAIL tests/borrow.test.js
At line:1 char:1
+ & "D:\Program Files/node.exe" "C:\Users\Kunal\AppData\Roaming\npm/nod ...
+ ~~~~~~~~~~~~~~~~~~~~~~~~~~~~~~~~~~~~~~~~~~~~~~~~~~~~~~~~~~~~~~~~~~~~~
    + CategoryInfo          : NotSpecified: (FAIL tests/borrow.test.js:String) 
    [], RemoteException
    + FullyQualifiedErrorId : NativeCommandError
 
  ΓùÅ Test suite failed to run

    Cannot find module 'mongodb-memory-server' from 'tests/setup.js'

    [0m [90m  5 |[39m [90m */[39m
     [90m  6 |[39m [36mconst[39m mongoose [33m=[39m 
require([32m"mongoose"[39m)[33m;[39m
    [31m[1m>[22m[39m[90m  7 |[39m [36mconst[39m { 
[33mMongoMemoryServer[39m } [33m=[39m 
require([32m"mongodb-memory-server"[39m)[33m;[39m
     [90m    |[39m                               [31m[1m^[22m[39m
     [90m  8 |[39m
     [90m  9 |[39m [36mlet[39m memoryServer[33m;[39m
     [90m 10 |[39m[0m

      at Resolver._throwModNotFoundError 
(node_modules/jest-resolve/build/resolver.js:427:11)
      at Object.require (tests/setup.js:7:31)

FAIL tests/admin.test.js
  ΓùÅ Test suite failed to run

    Cannot find module 'mongodb-memory-server' from 'tests/setup.js'

    [0m [90m  5 |[39m [90m */[39m
     [90m  6 |[39m [36mconst[39m mongoose [33m=[39m 
require([32m"mongoose"[39m)[33m;[39m
    [31m[1m>[22m[39m[90m  7 |[39m [36mconst[39m { 
[33mMongoMemoryServer[39m } [33m=[39m 
require([32m"mongodb-memory-server"[39m)[33m;[39m
     [90m    |[39m                               [31m[1m^[22m[39m
     [90m  8 |[39m
     [90m  9 |[39m [36mlet[39m memoryServer[33m;[39m
     [90m 10 |[39m[0m

      at Resolver._throwModNotFoundError 
(node_modules/jest-resolve/build/resolver.js:427:11)
      at Object.require (tests/setup.js:7:31)

FAIL tests/auth.test.js
  ΓùÅ Test suite failed to run

    Cannot find module 'mongodb-memory-server' from 'tests/setup.js'

    [0m [90m  5 |[39m [90m */[39m
     [90m  6 |[39m [36mconst[39m mongoose [33m=[39m 
require([32m"mongoose"[39m)[33m;[39m
    [31m[1m>[22m[39m[90m  7 |[39m [36mconst[39m { 
[33mMongoMemoryServer[39m } [33m=[39m 
require([32m"mongodb-memory-server"[39m)[33m;[39m
     [90m    |[39m                               [31m[1m^[22m[39m
     [90m  8 |[39m
     [90m  9 |[39m [36mlet[39m memoryServer[33m;[39m
     [90m 10 |[39m[0m

      at Resolver._throwModNotFoundError 
(node_modules/jest-resolve/build/resolver.js:427:11)
      at Object.require (tests/setup.js:7:31)

Test Suites: 3 failed, 3 total
Tests:       0 total
Snapshots:   0 total
Time:        23.233 s
Ran all test suites.
